'------------------------------------------------------------------------------
' <auto-generated>
'     This code was generated by a tool.
'     HgVersion
'
'     Changes to this file may cause incorrect behavior and will be lost if
'     the code is regenerated.
' </auto-generated>
'------------------------------------------------------------------------------

<Global.System.Runtime.CompilerServices.CompilerGenerated()>
NotInheritable Class HgVersionInformation
    Private Sub New()
    End Sub
    Public Shared Major As String = "1"
    Public Shared Minor As String = "2"
    Public Shared Patch As String = "3"
    Public Shared PreReleaseTag As String = "unstable.4"
    Public Shared PreReleaseTagWithDash As String = "-unstable.4"
    Public Shared PreReleaseLabel As String = "unstable"
    Public Shared PreReleaseNumber As String = "4"
    Public Shared BuildMetadata As String = "5"
    Public Shared BuildMetadataPadded As String = "0005"
    Public Shared FullBuildMetadata As String = "5.Branch.feature1.Sha.commitSha"
    Public Shared MajorMinorPatch As String = "1.2.3"
    Public Shared SemVer As String = "1.2.3-unstable.4"
    Public Shared AssemblySemVer As String = "1.2.3.0"
    Public Shared AssemblyFileSemVer As String = "1.2.3.0"
    Public Shared FullSemVer As String = "1.2.3-unstable.4+5"
    Public Shared InformationalVersion As String = "1.2.3-unstable.4+5.Branch.feature1.Sha.commitSha"
    Public Shared BranchName As String = "feature1"
    Public Shared Sha As String = "commitSha"
    Public Shared CommitDate As String = "2014-03-06"
    Public Shared NuGetVersion As String = "1.2.3-unstable.4"
    Public Shared NuGetPreReleaseTag As String = "unstable.4"
    Public Shared CommitsSinceVersionSource As String = "5"
End Class