''------------------------------------------------------------------------------ 
'' <auto-generated> 
'' This code was generated by HgVersion. 
'' 
'' You can modify this code as we will not overwrite it when re-executing HgVersion
'' </auto-generated> 
''------------------------------------------------------------------------------

Imports System.Reflection

<Assembly: AssemblyFileVersion("1.0.0.0")>
<Assembly: AssemblyVersion("1.0.0.0")>
<Assembly: AssemblyInformationalVersion("1.0.0")>