//------------------------------------------------------------------------------ 
// <auto-generated> 
// This code was generated by HgVersion.
// 
// You can modify this code as we will not overwrite it when re-executing HgVersion
// </auto-generated> 
//------------------------------------------------------------------------------

using System.Reflection;

[assembly: AssemblyFileVersion("1.0.0.0")]
[assembly: AssemblyVersion("1.0.0.0")]
[assembly: AssemblyInformationalVersion("1.0.0")]